\BOOKMARK [0][-]{section*.3}{\376\377\006\101\006\107\006\061\006\063\006\052\000\040\006\052\006\065\006\047\006\110\006\314\006\061}{}% 1
\BOOKMARK [0][-]{section*.4}{\376\377\006\101\006\107\006\061\006\063\006\052\000\040\006\054\006\057\006\047\006\110\006\104}{}% 2
\BOOKMARK [0][-]{section*.4}{\376\377\006\101\006\107\006\061\006\063\006\052\000\040\006\047\006\104\006\257\006\110\006\061\006\314\006\052\006\105\040\014\006\107\006\047}{}% 3
\BOOKMARK [0][-]{chapter*.5}{\376\377\006\101\006\107\006\061\006\063\006\052\000\040\006\050\006\061\006\106\006\047\006\105\006\107\040\014\006\107\006\047}{}% 4
\BOOKMARK [0][-]{section*.6}{\376\377\006\101\006\107\006\061\006\063\006\052\000\040\006\047\006\056\006\052\006\065\006\047\006\061\006\047\006\052}{}% 5
\BOOKMARK [0][-]{chapter.1}{\376\377\006\105\006\102\006\057\006\105\006\107}{}% 6
\BOOKMARK [1][-]{section.1.1}{\376\377\006\050\006\314\006\047\006\106\000\040\006\105\006\063\006\046\006\104\006\107\000\040\006\110\000\040\006\047\006\107\006\105\006\314\006\052\000\040\006\042\006\106}{chapter.1}% 7
\BOOKMARK [1][-]{section.1.2}{\376\377\006\206\006\047\006\104\006\064\040\014\006\107\006\047\006\314\000\040\006\071\006\105\006\102\000\040\006\105\006\052\006\061\006\314\006\251\000\040\006\057\006\061\000\040\006\105\006\057\006\104\040\014\006\107\006\047\006\314\000\040\006\314\006\047\006\057\006\257\006\314\006\061\006\314\000\040\006\071\006\105\006\314\006\102}{chapter.1}% 8
\BOOKMARK [1][-]{section.1.3}{\376\377\006\056\006\104\006\043\000\040\006\176\006\230\006\110\006\107\006\064\006\314}{chapter.1}% 9
\BOOKMARK [1][-]{section.1.4}{\376\377\006\047\006\107\006\057\006\047\006\101\000\040\006\110\000\040\006\063\006\110\006\047\006\104\006\047\006\052\000\040\006\052\006\055\006\102\006\314\006\102}{chapter.1}% 10
\BOOKMARK [1][-]{section.1.5}{\376\377\006\063\006\047\006\056\006\052\006\047\006\061\000\040\006\176\006\047\006\314\006\047\006\106\040\014\006\106\006\047\006\105\006\107}{chapter.1}% 11
\BOOKMARK [0][-]{chapter.2}{\376\377\006\105\006\061\006\110\006\061\000\040\006\047\006\057\006\050\006\314\006\047\006\052}{}% 12
\BOOKMARK [1][-]{section.2.1}{\376\377\006\105\006\101\006\047\006\107\006\314\006\105\000\040\006\110\000\040\006\052\006\071\006\047\006\061\006\314\006\101}{chapter.2}% 13
\BOOKMARK [2][-]{subsection.2.1.1}{\376\377\006\052\006\056\006\105\006\314\006\106\000\040\006\071\006\105\006\102\000\040\006\052\006\251\040\014\006\057\006\110\006\061\006\050\006\314\006\106\006\107}{section.2.1}% 14
\BOOKMARK [2][-]{subsection.2.1.2}{\376\377\006\071\006\105\006\102\000\040\006\105\006\052\006\061\006\314\006\251\000\040\006\057\006\061\000\040\006\105\006\102\006\047\006\050\006\104\000\040\006\071\006\105\006\102\000\040\006\072\006\314\006\061\006\105\006\052\006\061\006\314\006\251}{section.2.1}% 15
\BOOKMARK [2][-]{subsection.2.1.3}{\376\377\006\047\006\050\006\107\006\047\006\105\000\040\006\105\006\102\006\314\006\047\006\063}{section.2.1}% 16
\BOOKMARK [2][-]{subsection.2.1.4}{\376\377\006\176\006\047\006\061\006\047\006\105\006\052\006\061\006\107\006\047\006\314\000\040\006\057\006\061\006\110\006\106\006\314\000\040\006\057\006\110\006\061\006\050\006\314\006\106}{section.2.1}% 17
\BOOKMARK [2][-]{subsection.2.1.5}{\376\377\006\052\006\061\006\106\006\063\006\101\006\110\006\061\006\105\006\061\000\040\006\050\006\314\006\106\006\047\006\314\006\314}{section.2.1}% 18
\BOOKMARK [2][-]{subsection.2.1.6}{\376\377\006\052\006\102\006\067\006\314\006\061\000\040\006\057\006\047\006\106\006\064}{section.2.1}% 19
\BOOKMARK [2][-]{subsection.2.1.7}{\376\377\006\314\006\047\006\057\006\257\006\314\006\061\006\314\000\040\006\056\006\110\006\057\040\014\006\106\006\070\006\047\006\061\006\052\006\314}{section.2.1}% 20
\BOOKMARK [1][-]{section.2.2}{\376\377\006\105\006\061\006\110\006\061\000\040\006\047\006\057\006\050\006\314\006\047\006\052\000\040\006\110\000\040\006\176\006\314\006\064\006\314\006\106\006\107\000\040\006\176\006\230\006\110\006\107\006\064}{chapter.2}% 21
\BOOKMARK [2][-]{subsection.2.2.1}{\376\377\006\061\006\110\006\314\006\251\006\061\006\057\006\107\006\047\006\314\000\040\006\251\006\104\006\047\006\063\006\314\006\251\000\040\006\110\000\040\006\314\006\047\006\057\006\257\006\314\006\061\006\314\000\040\006\105\006\050\006\052\006\106\006\314\000\040\006\050\006\061\000\040\006\110\006\314\006\230\006\257\006\314\040\014\006\107\006\047\006\314\000\040\006\057\006\063\006\052\006\314}{section.2.2}% 22
\BOOKMARK [2][-]{subsection.2.2.2}{\376\377\006\052\006\055\006\110\006\104\000\040\006\057\006\061\000\040\006\052\006\056\006\105\006\314\006\106\000\040\006\071\006\105\006\102\000\040\006\050\006\047\000\040\006\314\006\047\006\057\006\257\006\314\006\061\006\314\000\040\006\071\006\105\006\314\006\102\000\040\006\106\006\070\006\047\006\061\006\052\040\014\006\064\006\057\006\107}{section.2.2}% 23
\BOOKMARK [2][-]{subsection.2.2.3}{\376\377\006\314\006\047\006\057\006\257\006\314\006\061\006\314\000\040\006\056\006\110\006\057\006\106\006\070\006\047\006\061\006\052\006\314\000\040\006\110\000\040\006\050\006\047\006\062\006\063\006\047\006\062\006\314\000\040\006\107\006\106\006\057\006\063\006\314\000\040\006\057\006\314\006\057\006\257\006\047\006\107}{section.2.2}% 24
\BOOKMARK [2][-]{subsection.2.2.4}{\376\377\006\105\006\057\006\104\040\014\006\107\006\047\006\314\000\040\006\105\006\050\006\052\006\106\006\314\000\040\006\050\006\061\000\040\006\052\006\061\006\106\006\063\006\101\006\110\006\061\006\105\006\061\000\040\006\110\000\040\006\314\006\047\006\057\006\257\006\314\006\061\006\314\000\040\006\057\006\061\000\040\006\105\006\102\006\314\006\047\006\063\000\040\006\050\006\062\006\061\006\257}{section.2.2}% 25
\BOOKMARK [2][-]{subsection.2.2.5}{\376\377\006\047\006\057\006\072\006\047\006\105\000\040\006\057\006\047\006\106\006\064\000\040\006\107\006\106\006\057\006\063\006\314\000\040\006\110\000\040\006\206\006\047\006\104\006\064\000\040\006\176\006\047\006\314\006\057\006\047\006\061\006\314\000\040\006\105\006\052\006\061\006\314\006\251}{section.2.2}% 26
\BOOKMARK [1][-]{section.2.3}{\376\377\006\064\006\251\006\047\006\101\000\040\006\052\006\055\006\102\006\314\006\102\006\047\006\052\006\314}{chapter.2}% 27
\BOOKMARK [2][-]{subsection.2.3.1}{\376\377\006\101\006\102\006\057\006\047\006\106\000\040\006\176\006\047\006\314\006\057\006\047\006\061\006\314\000\040\006\057\006\061\000\040\006\052\006\056\006\105\006\314\006\106\000\040\006\071\006\105\006\102\000\040\006\105\006\052\006\061\006\314\006\251}{section.2.3}% 28
\BOOKMARK [2][-]{subsection.2.3.2}{\376\377\006\106\006\047\006\057\006\314\006\057\006\107\000\040\006\257\006\061\006\101\006\052\006\106\000\040\006\065\006\061\006\314\006\055\000\040\006\107\006\106\006\057\006\063\006\107\000\040\006\110\000\040\006\176\006\047\006\061\006\047\006\105\006\052\006\061\006\107\006\047\006\314\000\040\006\057\006\061\006\110\006\106\006\314\000\040\006\057\006\110\006\061\006\050\006\314\006\106}{section.2.3}% 29
\BOOKMARK [2][-]{subsection.2.3.3}{\376\377\006\055\006\063\006\047\006\063\006\314\006\052\000\040\006\050\006\047\006\104\006\047\000\040\006\106\006\063\006\050\006\052\000\040\006\050\006\107\000\040\006\052\006\072\006\314\006\314\006\061\006\047\006\052\000\040\006\057\006\047\006\105\006\106\006\107\000\040\006\110\000\040\006\057\006\047\006\057\006\107\040\014\006\107\006\047\006\314\000\040\006\056\006\047\006\061\006\054\000\040\006\047\006\062\000\040\006\052\006\110\006\062\006\314\006\071}{section.2.3}% 30
\BOOKMARK [2][-]{subsection.2.3.4}{\376\377\006\105\006\055\006\057\006\110\006\057\006\314\006\052\000\040\006\105\006\071\006\314\006\047\006\061\006\107\006\047\006\314\000\040\006\047\006\061\006\062\006\314\006\047\006\050\006\314\000\040\006\057\006\061\000\040\006\052\006\101\006\251\006\314\006\251\000\040\006\056\006\067\006\047\006\107\006\047\006\314\000\040\006\107\006\106\006\057\006\063\006\314}{section.2.3}% 31
\BOOKMARK [1][-]{section.2.4}{\376\377\006\106\006\110\006\042\006\110\006\061\006\314\040\014\006\107\006\047\006\314\000\040\006\052\006\055\006\102\006\314\006\102}{chapter.2}% 32
\BOOKMARK [2][-]{subsection.2.4.1}{\376\377\006\047\006\057\006\072\006\047\006\105\000\040\006\065\006\061\006\314\006\055\000\040\006\176\006\047\006\061\006\047\006\105\006\052\006\061\006\107\006\047\006\314\000\040\006\057\006\061\006\110\006\106\006\314\000\040\006\057\006\110\006\061\006\050\006\314\006\106\000\040\006\057\006\061\000\040\006\105\006\071\006\105\006\047\006\061\006\314\000\040\006\052\006\061\006\106\006\063\006\101\006\110\006\061\006\105\006\061}{section.2.4}% 33
\BOOKMARK [2][-]{subsection.2.4.2}{\376\377\006\067\006\061\006\047\006\055\006\314\000\040\006\057\006\314\006\251\006\110\006\057\006\061\000\040\006\206\006\106\006\057\040\014\006\105\006\044\006\104\006\101\006\107\040\014\006\047\006\314\000\040\006\050\006\047\000\040\006\102\006\047\006\050\006\104\006\314\006\052\000\040\006\052\006\101\006\251\006\314\006\251\000\040\006\110\006\314\006\230\006\257\006\314\040\014\006\107\006\047\006\314\000\040\006\050\006\065\006\061\006\314\000\040\006\110\000\040\006\107\006\106\006\057\006\063\006\314}{section.2.4}% 34
\BOOKMARK [2][-]{subsection.2.4.3}{\376\377\006\061\006\047\006\107\006\050\006\061\006\057\000\040\006\042\006\105\006\110\006\062\006\064\000\040\006\206\006\106\006\057\040\014\006\105\006\061\006\055\006\104\006\107\040\014\006\047\006\314\000\040\006\105\006\050\006\052\006\106\006\314\000\040\006\050\006\061\000\040\006\052\006\102\006\067\006\314\006\061\000\040\006\057\006\047\006\106\006\064\000\040\006\105\006\052\006\061\006\314\006\251}{section.2.4}% 35
\BOOKMARK [2][-]{subsection.2.4.4}{\376\377\006\052\006\055\006\104\006\314\006\104\000\040\006\055\006\063\006\047\006\063\006\314\006\052\000\040\006\063\006\314\006\063\006\052\006\105\006\047\006\052\006\314\006\251\000\040\006\106\006\063\006\050\006\052\000\040\006\050\006\107\000\040\006\052\006\072\006\314\006\314\006\061\006\047\006\052\000\040\006\107\006\106\006\057\006\063\006\107\000\040\006\052\006\065\006\110\006\314\006\061\006\050\006\061\006\057\006\047\006\061\006\314}{section.2.4}% 36
\BOOKMARK [1][-]{section.2.5}{\376\377\006\054\006\105\006\071\040\014\006\050\006\106\006\057\006\314\000\040\006\101\006\065\006\104}{chapter.2}% 37
\BOOKMARK [0][-]{chapter.3}{\376\377\006\061\006\110\006\064\000\040\006\052\006\055\006\102\006\314\006\102}{}% 38
\BOOKMARK [1][-]{section.3.1}{\376\377\006\105\006\102\006\057\006\105\006\107}{chapter.3}% 39
\BOOKMARK [1][-]{section.3.2}{\376\377\006\065\006\110\006\061\006\052\040\014\006\050\006\106\006\057\006\314\000\040\006\105\006\063\006\046\006\104\006\107\006\124\000\040\006\052\006\056\006\105\006\314\006\106\000\040\006\071\006\105\006\102\000\040\006\052\006\251\040\014\006\057\006\110\006\061\006\050\006\314\006\106\006\107\000\040\006\050\006\057\006\110\006\106\000\040\006\106\006\070\006\047\006\061\006\052}{chapter.3}% 40
\BOOKMARK [1][-]{section.3.3}{\376\377\006\107\006\106\006\057\006\063\006\107\006\124\000\040\006\057\006\110\006\061\006\050\006\314\006\106\000\040\006\110\000\040\006\106\006\102\006\064\000\040\006\176\006\047\006\061\006\047\006\105\006\052\006\061\006\107\006\047\006\314\000\040\006\057\006\061\006\110\006\106\006\314}{chapter.3}% 41
\BOOKMARK [2][-]{subsection.3.3.1}{\376\377\006\105\006\057\006\104\000\040\006\057\006\110\006\061\006\050\006\314\006\106\000\040\006\063\006\110\006\061\006\047\006\056\040\014\006\063\006\110\006\062\006\106\006\314}{section.3.3}% 42
\BOOKMARK [2][-]{subsection.3.3.2}{\376\377\006\105\006\047\006\052\006\061\006\314\006\063\000\040\006\105\006\064\006\056\006\065\006\107\006\124\000\040\006\057\006\110\006\061\006\050\006\314\006\106}{section.3.3}% 43
\BOOKMARK [2][-]{subsection.3.3.3}{\376\377\006\106\006\102\006\064\000\040\006\176\006\047\006\061\006\047\006\105\006\052\006\061\006\107\006\047\006\314\000\040\006\057\006\061\006\110\006\106\006\314\000\040\006\057\006\061\000\040\006\052\006\056\006\105\006\314\006\106\000\040\006\071\006\105\006\102}{section.3.3}% 44
\BOOKMARK [1][-]{section.3.4}{\376\377\006\105\006\071\006\105\006\047\006\061\006\314\000\040\006\176\006\047\006\314\006\107\000:\000\040\006\105\006\057\006\104\000\040\000D\000e\000p\000t\000h\000\040\000A\000n\000y\000t\000h\000i\000n\000g\000\040\000V\0002}{chapter.3}% 45
\BOOKMARK [2][-]{subsection.3.4.1}{\376\377\006\063\006\047\006\056\006\052\006\047\006\061\000\040\006\251\006\104\006\314\000\040\006\064\006\050\006\251\006\107\006\124\000\040\000e\000n\000c\000o\000d\000e\000r\040\023\000d\000e\000c\000o\000d\000e\000r}{section.3.4}% 46
\BOOKMARK [2][-]{subsection.3.4.2}{\376\377\006\050\006\056\006\064\000\040\000e\000n\000c\000o\000d\000e\000r\000\040\006\105\006\050\006\052\006\106\006\314\000\040\006\050\006\061\000\040\000V\000i\000s\000i\000o\000n\000\040\000T\000r\000a\000n\000s\000f\000o\000r\000m\000e\000r}{section.3.4}% 47
\BOOKMARK [2][-]{subsection.3.4.3}{\376\377\006\050\006\056\006\064\000\040\000d\000e\000c\000o\000d\000e\000r\000\040\006\110\000\040\006\061\006\047\006\107\006\050\006\061\006\057\000\040\006\050\006\047\006\062\006\063\006\047\006\062\006\314\000\040\006\106\006\257\006\047\006\064\006\052\000\040\006\071\006\105\006\102}{section.3.4}% 48
\BOOKMARK [1][-]{section.3.5}{\376\377\006\047\006\106\006\257\006\314\006\062\006\107\040\014\006\314\000\040\006\065\006\061\006\314\006\055\000\040\006\050\006\061\006\047\006\314\000\040\006\104\006\055\006\047\006\070\000\040\006\176\006\047\006\061\006\047\006\105\006\052\006\061\006\107\006\047\006\314\000\040\006\057\006\061\006\110\006\106\006\314\000\040\006\057\006\110\006\061\006\050\006\314\006\106}{chapter.3}% 49
\BOOKMARK [2][-]{subsection.3.5.1}{\376\377\006\064\006\110\006\047\006\107\006\057\000\040\006\052\006\054\006\061\006\050\006\314\000\040\006\047\006\062\000\040\006\052\006\047\006\053\006\314\006\061\000\040\006\176\006\047\006\061\006\047\006\105\006\052\006\061\006\107\006\047\006\314\000\040\006\057\006\110\006\061\006\050\006\314\006\106\000\040\006\057\006\061\000\040\006\105\006\071\006\314\006\047\006\061\006\107\006\047\006\314\000\040\006\105\006\052\006\061\006\314\006\251}{section.3.5}% 50
\BOOKMARK [2][-]{subsection.3.5.2}{\376\377\006\071\006\057\006\105\000\040\006\251\006\101\006\047\006\314\006\052\000\040\006\061\006\110\006\314\006\251\006\061\006\057\000\040\006\066\006\105\006\106\006\314\000\040\006\106\006\063\006\050\006\052\000\040\006\050\006\107\000\040\006\105\006\064\006\056\006\065\006\107\040\014\006\107\006\047\006\314\000\040\006\057\006\110\006\061\006\050\006\314\006\106}{section.3.5}% 51
\BOOKMARK [2][-]{subsection.3.5.3}{\376\377\006\251\006\047\006\061\006\050\006\061\006\057\006\107\006\047\006\314\000\040\006\071\006\105\006\104\006\314\000\040\006\110\000\040\006\047\006\106\006\052\006\102\006\047\006\104\040\014\006\176\006\060\006\314\006\061\006\314\000\040\006\050\006\107\000\040\006\057\006\047\006\057\006\107\040\014\006\107\006\047\006\314\000\040\006\054\006\107\006\047\006\106\000\040\006\110\006\047\006\102\006\071\006\314}{section.3.5}% 52
\BOOKMARK [2][-]{subsection.3.5.4}{\376\377\006\104\006\062\006\110\006\105\000\040\006\067\006\061\006\047\006\055\006\314\000\040\006\105\006\057\006\104\000\040\006\050\006\047\000\040\006\110\006\061\006\110\006\057\000\040\006\065\006\061\006\314\006\055\000\040\006\176\006\047\006\061\006\047\006\105\006\052\006\061\006\107\006\047\006\314\000\040\006\057\006\061\006\110\006\106\006\314}{section.3.5}% 53
\BOOKMARK [1][-]{section.3.6}{\376\377\006\067\006\061\006\047\006\055\006\314\000\040\006\061\006\110\006\064\000\040\006\176\006\314\006\064\006\106\006\107\006\047\006\057\006\314\000:\000\040\006\047\006\057\006\072\006\047\006\105\000\040\006\065\006\061\006\314\006\055\000\040\006\105\006\047\006\052\006\061\006\314\006\063\000\040\006\105\006\064\006\056\006\065\006\107\006\124\000\040\006\057\006\110\006\061\006\050\006\314\006\106}{chapter.3}% 54
\BOOKMARK [2][-]{subsection.3.6.1}{\376\377\006\047\006\065\006\104\000\040\006\067\006\061\006\047\006\055\006\314\000:\000\040\006\052\006\101\006\251\006\314\006\251\000\040\006\047\006\067\006\104\006\047\006\071\006\047\006\052\000\040\006\052\006\065\006\110\006\314\006\061\006\314\000\040\006\110\000\040\006\107\006\106\006\057\006\063\006\314}{section.3.6}% 55
\BOOKMARK [2][-]{subsection.3.6.2}{\376\377\006\106\006\105\006\047\006\314\006\064\000\040\006\110\000\040\006\176\006\314\006\064\040\014\006\176\006\061\006\057\006\047\006\062\006\064\000\040\006\105\006\047\006\052\006\061\006\314\006\063\000\040\006\105\006\064\006\056\006\065\006\107\006\124\000\040\006\057\006\110\006\061\006\050\006\314\006\106}{section.3.6}% 56
\BOOKMARK [2][-]{subsection.3.6.3}{\376\377\006\061\006\047\006\107\006\050\006\061\006\057\000\040\006\047\006\057\006\072\006\047\006\105\000\040\006\047\006\067\006\104\006\047\006\071\006\047\006\052\000\040\006\057\006\110\006\061\006\050\006\314\006\106\000\040\006\050\006\047\000\040\006\105\006\071\006\105\006\047\006\061\006\314\000\040\000D\000e\000p\000t\000h\000\040\000A\000n\000y\000t\000h\000i\000n\000g\000\040\000V\0002}{section.3.6}% 57
\BOOKMARK [2][-]{subsection.3.6.4}{\376\377\006\105\006\062\006\047\006\314\006\047\006\314\000\040\006\105\006\110\006\061\006\057\000\040\006\047\006\106\006\052\006\070\006\047\006\061\000\040\006\047\006\062\000\040\006\047\006\057\006\072\006\047\006\105\000\040\006\065\006\061\006\314\006\055\000\040\006\176\006\047\006\061\006\047\006\105\006\052\006\061\006\107\006\047\006\314\000\040\006\057\006\061\006\110\006\106\006\314}{section.3.6}% 58
\BOOKMARK [1][-]{section.3.7}{\376\377\006\061\006\047\006\107\006\050\006\061\006\057\000\040\006\042\006\105\006\110\006\062\006\064\000\040\006\105\006\057\006\104\000\040\006\176\006\314\006\064\006\106\006\107\006\047\006\057\006\314}{chapter.3}% 59
\BOOKMARK [2][-]{subsection.3.7.1}{\376\377\006\105\006\054\006\105\006\110\006\071\006\107\040\014\006\057\006\047\006\057\006\107\040\014\006\107\006\047\006\314\000\040\006\105\006\110\006\061\006\057\000\040\006\047\006\063\006\052\006\101\006\047\006\057\006\107}{section.3.7}% 60
\BOOKMARK [2][-]{subsection.3.7.2}{\376\377\006\105\006\057\006\104\000\040\006\176\006\047\006\314\006\107\000\040\006\110\000\040\006\061\006\047\006\107\006\050\006\061\006\057\000\040\006\101\006\047\006\314\006\106\040\014\006\052\006\314\006\110\006\106}{section.3.7}% 61
\BOOKMARK [2][-]{subsection.3.7.3}{\376\377\006\101\006\071\006\047\006\104\040\014\006\063\006\047\006\062\006\314\000\040\006\176\006\064\006\052\006\314\006\050\006\047\006\106\006\314\000\040\006\047\006\062\000\040\006\176\006\047\006\061\006\047\006\105\006\052\006\061\006\107\006\047\006\314\000\040\006\057\006\110\006\061\006\050\006\314\006\106}{section.3.7}% 62
\BOOKMARK [2][-]{subsection.3.7.4}{\376\377\006\052\006\106\006\070\006\314\006\105\006\047\006\052\000\040\006\042\006\105\006\110\006\062\006\064\000\040\006\110\000\040\006\050\006\107\006\314\006\106\006\107\040\014\006\063\006\047\006\062\006\314}{section.3.7}% 63
\BOOKMARK [2][-]{subsection.3.7.5}{\376\377\006\047\006\063\006\052\006\101\006\047\006\057\006\107\000\040\006\047\006\062\000\040\006\052\006\102\006\067\006\314\006\061\000\040\006\057\006\047\006\106\006\064}{section.3.7}% 64
\BOOKMARK [2][-]{subsection.3.7.6}{\376\377\006\054\006\105\006\071\040\014\006\050\006\106\006\057\006\314\000\040\006\101\006\061\006\042\006\314\006\106\006\057\000\040\006\042\006\105\006\110\006\062\006\064}{section.3.7}% 65
\BOOKMARK [1][-]{section.3.8}{\376\377\006\052\006\110\006\047\006\050\006\071\000\040\006\107\006\062\006\314\006\106\006\107\000\040\006\110\000\040\006\105\006\071\006\314\006\047\006\061\006\107\006\047\006\314\000\040\006\050\006\107\006\314\006\106\006\107\040\014\006\063\006\047\006\062\006\314}{chapter.3}% 66
\BOOKMARK [2][-]{subsection.3.8.1}{\376\377\006\107\006\062\006\314\006\106\006\107\006\124\000\040\000S\000i\000L\000o\000g\000\040\006\050\006\061\006\047\006\314\000\040\006\105\006\057\006\104\040\014\006\107\006\047\006\314\000\040\006\105\006\052\006\061\006\314\006\251}{section.3.8}% 67
\BOOKMARK [2][-]{subsection.3.8.2}{\376\377\006\107\006\062\006\314\006\106\006\107\006\124\000\040\006\052\006\072\006\314\006\314\006\061\006\106\006\047\006\176\006\060\006\314\006\061\000\040\006\106\006\063\006\050\006\052\000\040\006\050\006\107\000\040\006\105\006\102\006\314\006\047\006\063\000\040\006\110\000\040\006\054\006\047\006\050\006\054\006\047\006\314\006\314\000\040\006\050\006\061\006\047\006\314\000\040\006\105\006\057\006\104\040\014\006\107\006\047\006\314\000\040\006\106\006\063\006\050\006\314}{section.3.8}% 68
\BOOKMARK [2][-]{subsection.3.8.3}{\376\377\006\052\006\105\006\047\006\314\006\062\000\040\006\105\006\314\006\047\006\106\000\040\006\052\006\110\006\047\006\050\006\071\000\040\006\107\006\062\006\314\006\106\006\107\006\124\000\040\006\042\006\105\006\110\006\062\006\064\000\040\006\110\000\040\006\105\006\071\006\314\006\047\006\061\006\107\006\047\006\314\000\040\006\047\006\061\006\062\006\314\006\047\006\050\006\314}{section.3.8}% 69
\BOOKMARK [3][-]{subsubsection.3.8.3.1}{\376\377\006\052\006\110\006\047\006\050\006\071\000\040\006\107\006\062\006\314\006\106\006\107\000\040\006\057\006\061\000\040\006\042\006\105\006\110\006\062\006\064}{subsection.3.8.3}% 70
\BOOKMARK [3][-]{subsubsection.3.8.3.2}{\376\377\006\105\006\071\006\314\006\047\006\061\006\107\006\047\006\314\000\040\006\047\006\061\006\062\006\314\006\047\006\050\006\314}{subsection.3.8.3}% 71
\BOOKMARK [2][-]{subsection.3.8.4}{\376\377\006\106\006\102\006\064\000\040\006\176\006\047\006\061\006\047\006\105\006\052\006\061\006\107\006\047\006\314\000\040\006\057\006\061\006\110\006\106\006\314\000\040\006\057\006\110\006\061\006\050\006\314\006\106\000\040\006\057\006\061\000\040\006\042\006\105\006\110\006\062\006\064}{section.3.8}% 72
\BOOKMARK [2][-]{subsection.3.8.5}{\376\377\006\055\006\063\006\047\006\063\006\314\006\052\000\040\000R\000M\000S\000E\000\040\006\050\006\107\000\040\006\176\006\047\006\061\006\047\006\105\006\052\006\061\006\107\006\047\006\314\000\040\006\057\006\110\006\061\006\050\006\314\006\106\000\040\006\110\000\040\006\251\006\047\006\061\006\050\006\061\006\057\000\040\006\042\006\106\000\040\006\057\006\061\000\040\006\047\006\061\006\062\006\314\006\047\006\050\006\314}{section.3.8}% 73
\BOOKMARK [2][-]{subsection.3.8.6}{\376\377\006\054\006\105\006\071\040\014\006\050\006\106\006\057\006\314}{section.3.8}% 74
\BOOKMARK [1][-]{section.3.9}{\376\377\006\054\006\062\006\046\006\314\006\047\006\052\000\040\006\176\006\314\006\047\006\057\006\107\040\014\006\063\006\047\006\062\006\314}{chapter.3}% 75
\BOOKMARK [2][-]{subsection.3.9.1}{\376\377\006\206\006\047\006\061\006\206\006\110\006\050\000\040\006\106\006\061\006\105\040\014\006\047\006\101\006\062\006\047\006\061\006\314\000\040\006\110\000\040\006\062\006\314\006\061\006\063\006\047\006\056\006\052\000\040\006\105\006\055\006\047\006\063\006\050\006\047\006\052\006\314}{section.3.9}% 76
\BOOKMARK [2][-]{subsection.3.9.2}{\376\377\006\176\006\314\006\064\040\014\006\176\006\061\006\057\006\047\006\062\006\064\000\040\006\057\006\047\006\057\006\107\040\014\006\107\006\047}{section.3.9}% 77
\BOOKMARK [2][-]{subsection.3.9.3}{\376\377\006\105\006\057\006\314\006\061\006\314\006\052\000\040\006\110\000\040\006\106\006\061\006\105\006\047\006\104\040\014\006\063\006\047\006\062\006\314\000\040\006\176\006\047\006\061\006\047\006\105\006\052\006\061\006\107\006\047\006\314\000\040\006\057\006\061\006\110\006\106\006\314\000\040\006\057\006\110\006\061\006\050\006\314\006\106}{section.3.9}% 78
\BOOKMARK [2][-]{subsection.3.9.4}{\376\377\006\052\006\106\006\070\006\314\006\105\006\047\006\052\000\040\006\042\006\105\006\110\006\062\006\064\000\040\006\110\000\040\006\061\006\047\006\107\006\050\006\061\006\057\000\040\006\050\006\107\006\314\006\106\006\107\040\014\006\063\006\047\006\062\006\314}{section.3.9}% 79
\BOOKMARK [2][-]{subsection.3.9.5}{\376\377\006\057\006\314\006\052\006\047\006\063\006\052\040\014\006\107\006\047\006\314\000\040\006\105\006\110\006\061\006\057\000\040\006\047\006\063\006\052\006\101\006\047\006\057\006\107\000\040\006\057\006\061\000\040\006\176\006\314\006\047\006\057\006\107\040\014\006\063\006\047\006\062\006\314}{section.3.9}% 80
\BOOKMARK [2][-]{subsection.3.9.6}{\376\377\006\063\006\047\006\056\006\052\006\047\006\061\000\040\006\251\006\057\000\040\006\110\000\040\006\047\006\063\006\251\006\061\006\314\006\176\006\052\040\014\006\107\006\047\006\314\000\040\006\047\006\065\006\104\006\314}{section.3.9}% 81
\BOOKMARK [2][-]{subsection.3.9.7}{\376\377\006\105\006\104\006\047\006\055\006\070\006\047\006\052\000\040\006\071\006\105\006\104\006\314\000\040\006\110\000\040\006\105\006\055\006\057\006\110\006\057\006\314\006\052\040\014\006\107\006\047}{section.3.9}% 82
\BOOKMARK [2][-]{subsection.3.9.8}{\376\377\006\054\006\105\006\071\040\014\006\050\006\106\006\057\006\314}{section.3.9}% 83
\BOOKMARK [1][-]{section.3.10}{\376\377\006\054\006\105\006\071\040\014\006\050\006\106\006\057\006\314\000\040\006\101\006\065\006\104}{chapter.3}% 84
\BOOKMARK [0][-]{chapter.4}{\376\377\006\106\006\052\006\047\006\314\006\054}{}% 85
\BOOKMARK [1][-]{section.4.1}{\376\377\006\105\006\102\006\057\006\105\006\107}{chapter.4}% 86
\BOOKMARK [1][-]{section.4.2}{\376\377\006\063\006\110\006\047\006\104\006\047\006\052\000\040\006\052\006\055\006\102\006\314\006\102\000\040\006\110\000\040\006\101\006\061\006\066\006\314\006\047\006\052\000\040\006\052\006\054\006\061\006\050\006\314}{chapter.4}% 87
\BOOKMARK [2][-]{subsection.4.2.1}{\376\377\006\050\006\047\006\062\006\257\006\110\006\314\006\314\000\040\006\063\006\110\006\047\006\104\006\047\006\052\000\040\006\052\006\055\006\102\006\314\006\102}{section.4.2}% 88
\BOOKMARK [2][-]{subsection.4.2.2}{\376\377\006\101\006\061\006\066\006\314\006\047\006\052\000\040\006\052\006\054\006\061\006\050\006\314}{section.4.2}% 89
\BOOKMARK [2][-]{subsection.4.2.3}{\376\377\006\047\006\061\006\052\006\050\006\047\006\067\000\040\006\101\006\061\006\066\006\314\006\047\006\052\000\040\006\050\006\047\000\040\006\050\006\056\006\064\040\014\006\107\006\047\006\314\000\040\006\101\006\065\006\104}{section.4.2}% 90
\BOOKMARK [1][-]{section.4.3}{\376\377\006\052\006\106\006\070\006\314\006\105\006\047\006\052\000\040\006\042\006\062\006\105\006\047\006\314\006\064\000\040\006\110\000\040\006\176\006\061\006\110\006\052\006\251\006\104\000\040\006\047\006\061\006\062\006\314\006\047\006\050\006\314}{chapter.4}% 91
\BOOKMARK [2][-]{subsection.4.3.1}{\376\377\006\057\006\314\006\052\006\047\006\063\006\052\040\014\006\107\006\047\006\314\000\040\006\105\006\110\006\061\006\057\000\040\006\047\006\063\006\052\006\101\006\047\006\057\006\107}{section.4.3}% 92
\BOOKMARK [2][-]{subsection.4.3.2}{\376\377\006\106\006\110\006\071\000\040\006\105\006\055\006\314\006\067\040\014\006\107\006\047\000\040\006\110\000\040\006\063\006\106\006\047\006\061\006\314\006\110\006\107\006\047\006\314\000\040\006\047\006\061\006\062\006\314\006\047\006\050\006\314}{section.4.3}% 93
\BOOKMARK [2][-]{subsection.4.3.3}{\376\377\006\105\006\071\006\314\006\047\006\061\006\107\006\047\006\314\000\040\006\047\006\061\006\062\006\314\006\047\006\050\006\314}{section.4.3}% 94
\BOOKMARK [3][-]{subsubsection.4.3.3.1}{\376\377\006\105\006\071\006\314\006\047\006\061\006\107\006\047\006\314\000\040\006\072\006\314\006\061\006\105\006\052\006\061\006\314\006\251}{subsection.4.3.3}% 95
\BOOKMARK [3][-]{subsubsection.4.3.3.2}{\376\377\006\105\006\071\006\314\006\047\006\061\006\107\006\047\006\314\000\040\006\105\006\052\006\061\006\314\006\251}{subsection.4.3.3}% 96
\BOOKMARK [2][-]{subsection.4.3.4}{\376\377\006\042\006\062\006\105\006\110\006\106\040\014\006\107\006\047\006\314\000\040\006\042\006\105\006\047\006\061\006\314}{section.4.3}% 97
\BOOKMARK [1][-]{section.4.4}{\376\377\006\106\006\052\006\047\006\314\006\054\000\040\006\251\006\105\006\314\000:\000\040\006\105\006\102\006\047\006\314\006\063\006\107\006\124\000\040\006\071\006\057\006\057\006\314\000\040\006\105\006\057\006\104\040\014\006\107\006\047}{chapter.4}% 98
\BOOKMARK [2][-]{subsection.4.4.1}{\376\377\006\071\006\105\006\104\006\251\006\061\006\057\000\040\006\105\006\057\006\104\000\040\006\176\006\047\006\314\006\107\000\040\006\057\006\061\000\040\006\057\006\314\006\052\006\047\006\063\006\052\040\014\006\107\006\047\006\314\000\040\006\105\006\056\006\052\006\104\006\101}{section.4.4}% 99
\BOOKMARK [2][-]{subsection.4.4.2}{\376\377\006\105\006\102\006\047\006\314\006\063\006\107\006\124\000\040\006\105\006\057\006\104\000\040\006\176\006\047\006\314\006\107\000\040\006\110\000\040\006\105\006\057\006\104\000\040\006\176\006\314\006\064\006\106\006\107\006\047\006\057\006\314}{section.4.4}% 100
\BOOKMARK [2][-]{subsection.4.4.3}{\376\377\006\052\006\055\006\104\006\314\006\104\000\040\006\176\006\047\006\314\006\057\006\047\006\061\006\314\000\040\006\050\006\314\006\106\040\014\006\057\006\314\006\052\006\047\006\063\006\052\006\314\000\040\006\105\006\057\006\104\000\040\006\176\006\314\006\064\006\106\006\107\006\047\006\057\006\314}{section.4.4}% 101
\BOOKMARK [1][-]{section.4.5}{\376\377\006\052\006\055\006\104\006\314\006\104\000\040\006\055\006\063\006\047\006\063\006\314\006\052\000\040\006\106\006\063\006\050\006\052\000\040\006\050\006\107\000\040\006\176\006\047\006\061\006\047\006\105\006\052\006\061\006\107\006\047\006\314\000\040\006\057\006\110\006\061\006\050\006\314\006\106}{chapter.4}% 102
\BOOKMARK [2][-]{subsection.4.5.1}{\376\377\006\052\006\043\006\053\006\314\006\061\000\040\006\052\006\072\006\314\006\314\006\061\000\040\006\105\006\047\006\052\006\061\006\314\006\063\000\040\000K\000\040\006\050\006\061\000\040\006\071\006\105\006\104\006\251\006\061\006\057\000\040\006\105\006\057\006\104\040\014\006\107\006\047}{section.4.5}% 103
\BOOKMARK [2][-]{subsection.4.5.2}{\376\377\006\061\006\101\006\052\006\047\006\061\000\040\006\105\006\052\006\101\006\047\006\110\006\052\000\040\006\105\006\071\006\314\006\047\006\061\006\107\006\047\006\314\000\040\000A\000b\000s\000R\000e\000l\000\040\006\110\000\040\000R\000M\000S\000E}{section.4.5}% 104
\BOOKMARK [2][-]{subsection.4.5.3}{\376\377\006\047\006\061\006\052\006\050\006\047\006\067\000\040\006\050\006\047\000\040\006\052\006\055\006\104\006\314\006\104\000\040\006\107\006\106\006\057\006\063\006\314\000\040\006\101\006\065\006\104\000\040\006\063\006\110\006\105}{section.4.5}% 105
\BOOKMARK [1][-]{section.4.6}{\376\377\006\106\006\052\006\047\006\314\006\054\000\040\006\251\006\314\006\101\006\314\000:\000\040\006\052\006\055\006\104\006\314\006\104\000\040\006\050\006\065\006\061\006\314}{chapter.4}% 106
\BOOKMARK [2][-]{subsection.4.6.1}{\376\377\006\105\006\102\006\047\006\314\006\063\006\107\006\124\000\040\006\050\006\065\006\061\006\314\000\040\006\106\006\102\006\064\006\107\040\014\006\107\006\047\006\314\000\040\006\071\006\105\006\102}{section.4.6}% 107
\BOOKMARK [2][-]{subsection.4.6.2}{\376\377\006\052\006\055\006\104\006\314\006\104\000\040\006\105\006\102\006\314\006\047\006\063\000\040\006\047\006\054\006\063\006\047\006\105}{section.4.6}% 108
\BOOKMARK [2][-]{subsection.4.6.3}{\376\377\006\314\006\251\006\106\006\110\006\047\006\056\006\052\006\314\000\040\006\063\006\067\006\110\006\055\000\040\006\110\000\040\006\063\006\047\006\056\006\052\006\047\006\061\000\040\006\065\006\055\006\106\006\107}{section.4.6}% 109
\BOOKMARK [2][-]{subsection.4.6.4}{\376\377\006\050\006\047\006\062\006\106\006\105\006\047\006\314\006\314\000\040\006\106\006\110\006\047\006\055\006\314\000\040\006\057\006\110\006\061\006\057\006\063\006\052}{section.4.6}% 110
\BOOKMARK [2][-]{subsection.4.6.5}{\376\377\006\105\006\102\006\047\006\314\006\063\006\107\000\040\006\057\006\061\000\040\006\105\006\055\006\314\006\067\040\014\006\107\006\047\006\314\000\040\006\057\006\047\006\056\006\104\006\314\000\040\006\110\000\040\006\056\006\047\006\061\006\054\006\314}{section.4.6}% 111
\BOOKMARK [1][-]{section.4.7}{\376\377\006\052\006\055\006\104\006\314\006\104\000\040\006\105\006\110\006\061\006\057\006\314\000\040\006\057\006\314\006\052\006\047\006\063\006\052\000\040\000C\000i\000t\000y\000S\000c\000a\000p\000e\000s}{chapter.4}% 112
\BOOKMARK [2][-]{subsection.4.7.1}{\376\377\006\105\006\047\006\107\006\314\006\052\000\040\006\110\000\040\006\110\006\314\006\230\006\257\006\314\040\014\006\107\006\047\006\314\000\040\006\056\006\047\006\065\000\040\006\057\006\314\006\052\006\047\006\063\006\052\000\040\000C\000i\000t\000y\000S\000c\000a\000p\000e\000s}{section.4.7}% 113
\BOOKMARK [2][-]{subsection.4.7.2}{\376\377\006\052\006\055\006\104\006\314\006\104\000\040\006\251\006\314\006\101\006\314\006\052\000\040\006\071\006\105\006\102\000\040\006\105\006\061\006\054\006\071}{section.4.7}% 114
\BOOKMARK [2][-]{subsection.4.7.3}{\376\377\006\057\006\104\006\314\006\104\000\040\006\061\006\101\006\052\006\047\006\061\000\040\006\105\006\052\006\101\006\047\006\110\006\052\000\040\006\056\006\067\006\047\006\107\006\047}{section.4.7}% 115
\BOOKMARK [2][-]{subsection.4.7.4}{\376\377\006\105\006\055\006\057\006\110\006\057\006\314\006\052\000\040\006\107\006\105\006\063\006\047\006\106\040\014\006\063\006\047\006\062\006\314\000\040\006\106\006\052\006\047\006\314\006\054\000\040\006\050\006\047\000\040\006\063\006\047\006\314\006\061\000\040\006\057\006\314\006\052\006\047\006\063\006\052\040\014\006\107\006\047}{section.4.7}% 116
\BOOKMARK [1][-]{section.4.8}{\376\377\006\050\006\055\006\053\000\040\006\110\000\040\006\052\006\101\006\063\006\314\006\061\000\040\006\106\006\052\006\047\006\314\006\054}{chapter.4}% 117
\BOOKMARK [2][-]{subsection.4.8.1}{\376\377\006\054\006\105\006\071\040\014\006\050\006\106\006\057\006\314\000\040\006\052\006\055\006\104\006\314\006\104\006\314\000\040\006\106\006\052\006\047\006\314\006\054\000\040\006\251\006\105\006\314\000\040\006\110\000\040\006\251\006\314\006\101\006\314}{section.4.8}% 118
\BOOKMARK [2][-]{subsection.4.8.2}{\376\377\006\176\006\047\006\063\006\056\000\040\006\050\006\107\000\040\006\063\006\110\006\047\006\104\006\047\006\052\000\040\006\052\006\055\006\102\006\314\006\102}{section.4.8}% 119
\BOOKMARK [2][-]{subsection.4.8.3}{\376\377\006\105\006\102\006\047\006\314\006\063\006\107\006\124\000\040\006\072\006\314\006\061\006\105\006\063\006\052\006\102\006\314\006\105\000\040\006\050\006\047\000\040\006\047\006\057\006\050\006\314\006\047\006\052\000\040\006\105\006\110\006\066\006\110\006\071}{section.4.8}% 120
\BOOKMARK [2][-]{subsection.4.8.4}{\376\377\006\052\006\101\006\063\006\314\006\061\000\040\006\106\006\052\006\047\006\314\006\054\000\040\006\057\006\061\000\040\006\206\006\047\006\061\006\206\006\110\006\050\000\040\006\107\006\106\006\057\006\063\006\107\006\124\000\040\006\052\006\065\006\110\006\314\006\061\006\050\006\061\006\057\006\047\006\061\006\314}{section.4.8}% 121
\BOOKMARK [1][-]{section.4.9}{\376\377\006\054\006\105\006\071\040\014\006\050\006\106\006\057\006\314\000\040\006\101\006\065\006\104\000\040\006\106\006\052\006\047\006\314\006\054}{chapter.4}% 122
\BOOKMARK [0][-]{chapter.5}{\376\377\006\050\006\055\006\053\000\040\006\110\000\040\006\106\006\052\006\314\006\054\006\107\040\014\006\257\006\314\006\061\006\314}{}% 123
\BOOKMARK [1][-]{section.5.1}{\376\377\006\105\006\102\006\057\006\105\006\107}{chapter.5}% 124
\BOOKMARK [1][-]{section.5.2}{\376\377\006\054\006\105\006\071\040\014\006\050\006\106\006\057\006\314\000\040\006\314\006\047\006\101\006\052\006\107\040\014\006\107\006\047\006\314\000\040\006\047\006\065\006\104\006\314\000\040\006\176\006\230\006\110\006\107\006\064}{chapter.5}% 125
\BOOKMARK [1][-]{section.5.3}{\376\377\006\052\006\101\006\063\006\314\006\061\000\040\006\106\006\107\006\047\006\314\006\314\000\040\006\106\006\052\006\047\006\314\006\054\000\040\006\057\006\061\000\040\006\206\006\047\006\061\006\206\006\110\006\050\000\040\006\107\006\106\006\057\006\063\006\107\006\124\000\040\006\052\006\065\006\110\006\314\006\061\006\050\006\061\006\057\006\047\006\061\006\314}{chapter.5}% 126
\BOOKMARK [1][-]{section.5.4}{\376\377\006\106\006\110\006\042\006\110\006\061\006\314\040\014\006\107\006\047\006\314\000\040\006\052\006\055\006\102\006\314\006\102}{chapter.5}% 127
\BOOKMARK [2][-]{subsection.5.4.1}{\376\377\006\106\006\110\006\042\006\110\006\061\006\314\000\040\006\052\006\046\006\110\006\061\006\314\006\251}{section.5.4}% 128
\BOOKMARK [2][-]{subsection.5.4.2}{\376\377\006\106\006\110\006\042\006\110\006\061\006\314\000\040\006\071\006\105\006\104\006\314}{section.5.4}% 129
\BOOKMARK [1][-]{section.5.5}{\376\377\006\105\006\055\006\057\006\110\006\057\006\314\006\052\040\014\006\107\006\047\000\040\006\110\000\040\006\206\006\047\006\104\006\064\040\014\006\107\006\047\006\314\000\040\006\176\006\230\006\110\006\107\006\064}{chapter.5}% 130
\BOOKMARK [1][-]{section.5.6}{\376\377\006\176\006\314\006\064\006\106\006\107\006\047\006\057\006\107\006\047\006\314\006\314\000\040\006\050\006\061\006\047\006\314\000\040\006\052\006\055\006\102\006\314\006\102\006\047\006\052\000\040\006\042\006\314\006\106\006\057\006\107}{chapter.5}% 131
\BOOKMARK [1][-]{section.5.7}{\376\377\006\054\006\105\006\071\040\014\006\050\006\106\006\057\006\314\000\040\006\106\006\107\006\047\006\314\006\314\000\040\006\101\006\065\006\104}{chapter.5}% 132
\BOOKMARK [0][-]{chapter*.20}{\376\377\006\251\006\052\006\047\006\050\040\014\006\106\006\047\006\105\006\107}{}% 133
\BOOKMARK [0][-]{section*.21}{\376\377\006\110\006\047\006\230\006\107\040\014\006\106\006\047\006\105\006\107\006\124\000\040\006\101\006\047\006\061\006\063\006\314\000\040\006\050\006\107\000\040\006\047\006\106\006\257\006\104\006\314\006\063\006\314}{}% 134
\BOOKMARK [0][-]{section*.22}{\376\377\006\110\006\047\006\230\006\107\040\014\006\106\006\047\006\105\006\107\006\124\000\040\006\047\006\106\006\257\006\104\006\314\006\063\006\314\000\040\006\050\006\107\000\040\006\101\006\047\006\061\006\063\006\314}{}% 135
